	0002
	0003
	AAAA
	BBBB
	0000
	0000
	AAAA
	BBBB
	0002
	2.53 1.82 1.45 1.47
