AAAA
0000
0000
DDDD
CCCC
DDDD
0002
0002
0003
33.11 32.79 32.80 28.70

AAAA
0000
0000
DDDD
CCCC
DDDD
0002
0002
0003
33.11 32.79 32.80 28.70

