AAAA
AAAA
AAAA
AAAA
AAAA
BBBB
AAAA
DDDD
EEEE
375.50 360.50 2320.25 358.00
