35
35
35
35
35
39
1028
3
37
29.00 363.75 36.00 20.50
