CCCC
CCCC
33
CBDA
235
225
225
0000
14
7.31 7.03 7.01 7.01
