ABCD
33
36
0002
0000
748
1
13
BACD
3.58 0.44 1.17 0.47
