ABCD
39
1
0002
2773
2776
43
BBBB
2780
6.24 0.51 0.59 0.58
