DDDD
33
ABCD
1
35
34
33
ACCA
0000
3.85 3.28 3.24 3.26
