32
2
CCCC
BBBB
0000
224
444
664
BADD
32.28 1.26 1.26 1.26
