2
40
1000
41
1
318
0ABC
ABCD
0000
1.41 0.50 0.50 18.64
