0000
40
0011
0012
0012
0013
0014
3
0015
2.75 3.00 30.00 91.50
